
"end" -> []
"lbl" -> ["end","lbl"]
"block_0" -> ["lbl"]
