
"here" -> ["there"]
"there" -> []
"block_0" -> ["there","here"]
