
"loop" -> ["body","done"]
"done" -> []
"body" -> ["loop"]
"block_0" -> ["loop"]
