
"block_2" -> ["somewhere"]
"block_0" -> ["somewhere"]
"somewhere" -> []
