
"here" -> []
"there" -> []
"block_0" -> ["here","there"]
