
"here" -> ["there"]
"there" -> []
"top" -> ["here","there"]
